sagnik@sagnik-HP-Notebook:~/Desktop/antwalk_git_merges$ git checkout test
Switched to branch 'test'
sagnik@sagnik-HP-Notebook:~/Desktop/antwalk_git_merges$ echo "Changes test->hello2">>hello2.txt
sagnik@sagnik-HP-Notebook:~/Desktop/antwalk_git_merges$ git add .
sagnik@sagnik-HP-Notebook:~/Desktop/antwalk_git_merges$ git commit -m "Testing conflict"
[test 6a8a613] Testing conflict
 1 file changed, 1 insertion(+)
sagnik@sagnik-HP-Notebook:~/Desktop/antwalk_git_merges$ git checkout main
Switched to branch 'main'
sagnik@sagnik-HP-Notebook:~/Desktop/antwalk_git_merges$ echo "Changes main->hello2">>hello2.txt
sagnik@sagnik-HP-Notebook:~/Desktop/antwalk_git_merges$ git add .
sagnik@sagnik-HP-Notebook:~/Desktop/antwalk_git_merges$ git commit -m "Testing conflict"
[main 391c2ae] Testing conflict
 1 file changed, 1 insertion(+)
 create mode 100644 hello2.txt
sagnik@sagnik-HP-Notebook:~/Desktop/antwalk_git_merges$ git merge test
Auto-merging hello2.txt
CONFLICT (content): Merge conflict in hello2.txt
Automatic merge failed; fix conflicts and then commit the result.
sagnik@sagnik-HP-Notebook:~/Desktop/antwalk_git_merges$ echo "Changes test->hello2">>hello2.txt
sagnik@sagnik-HP-Notebook:~/Desktop/antwalk_git_merges$ git add .
sagnik@sagnik-HP-Notebook:~/Desktop/antwalk_git_merges$ git commit -m "Testing conflict"
[main 7a43437] Testing conflict
sagnik@sagnik-HP-Notebook:~/Desktop/antwalk_git_merges$ git merge test
Already up-to-date.
sagnik@sagnik-HP-Notebook:~/Desktop/antwalk_git_merges$ 

